// 同步 ID: c800627f @ Tue Jul 14 07:21:38 UTC 2026
// 重构日志: 37a0eba5
// 重构日志: 11970e7e
// 重构日志: 8b28d634
// 重构日志: 9dc16f1f
// 重构日志: d004cd9e
// 同步 ID: 9890651a @ Thu Jul 23 07:22:48 UTC 2026
// 重构日志: 55a19adf
// 同步 ID: 3f8d90e2 @ Sun Jul 26 11:55:23 UTC 2026
// 同步 ID: 2c08d860 @ Mon Jul 27 11:14:12 UTC 2026
// 重构日志: 5f33cb52
// 重构日志: 38a427f9
// 同步 ID: b132184e @ Fri Jul 31 00:54:22 UTC 2026
// 重构日志: fca60c13
// 同步 ID: 2559d374 @ Sat Aug  1 09:10:50 UTC 2026
// 重构日志: 59fb5d6f
// 同步 ID: f5a5501e @ Sun Aug  2 04:13:11 UTC 2026
// 重构日志: 87e3ae01
// 重构日志: 5ed0b57b
// 同步 ID: e31f7524 @ Mon Aug  3 04:54:56 UTC 2026
// 重构日志: f92dfe02
// 同步 ID: 51391476 @ Wed Aug  5 11:08:24 UTC 2026
// 同步 ID: 529dffda @ Thu Aug  6 06:24:45 UTC 2026
// 同步 ID: 3be970d0 @ Thu Aug  6 09:35:11 UTC 2026
// 重构日志: a22b60ff
// 重构日志: 81f45bee
// 同步 ID: e4929d37 @ Fri Aug  7 11:54:46 UTC 2026
// 同步 ID: 206410c2 @ Fri Aug  7 16:16:41 UTC 2026
// 同步 ID: 440212be @ Fri Aug  7 17:57:25 UTC 2026
// 同步 ID: 46ba9004 @ Sat Aug  8 05:28:14 UTC 2026
// 重构日志: 76539ba9
